// Vitest Snapshot v1, https://vitest.dev/guide/snapshot.html

exports[`PR0 extension current behavior snapshots > freezes all four accepted AnalyzeResponse action shapes 1`] = `
[
  {
    "action": "Allow",
    "allow_original_send": true,
    "business_context_matches": [],
    "checked_at": "2026-06-20T00:00:00Z",
    "client_request_id": "snapshot_request",
    "content_unavailable_inputs": [],
    "detections": [],
    "event_id": "evt_snapshot",
    "filter_config_revision": "snapshot_config",
    "input_results": [],
    "request_id": "req_snapshot",
    "requires_user_confirmation": false,
    "risk_level": "low",
    "risk_score": 0,
    "user_message": "PromptGuard decision",
  },
  {
    "action": "Warn",
    "allow_original_send": true,
    "business_context_matches": [],
    "checked_at": "2026-06-20T00:00:00Z",
    "client_request_id": "snapshot_request",
    "content_unavailable_inputs": [],
    "detections": [],
    "event_id": "evt_snapshot",
    "filter_config_revision": "snapshot_config",
    "input_results": [],
    "request_id": "req_snapshot",
    "requires_user_confirmation": true,
    "risk_level": "high",
    "risk_score": 80,
    "user_message": "PromptGuard decision",
  },
  {
    "action": "Mask",
    "allow_original_send": false,
    "business_context_matches": [],
    "checked_at": "2026-06-20T00:00:00Z",
    "client_request_id": "snapshot_request",
    "content_unavailable_inputs": [],
    "detections": [],
    "event_id": "evt_snapshot",
    "filter_config_revision": "snapshot_config",
    "input_results": [],
    "masked_prompt": "[SNAPSHOT_1]",
    "request_id": "req_snapshot",
    "requires_user_confirmation": false,
    "risk_level": "high",
    "risk_score": 80,
    "user_message": "PromptGuard decision",
  },
  {
    "action": "Block",
    "allow_original_send": false,
    "business_context_matches": [],
    "checked_at": "2026-06-20T00:00:00Z",
    "client_request_id": "snapshot_request",
    "content_unavailable_inputs": [],
    "detections": [],
    "event_id": "evt_snapshot",
    "filter_config_revision": "snapshot_config",
    "input_results": [],
    "request_id": "req_snapshot",
    "requires_user_confirmation": false,
    "risk_level": "critical",
    "risk_score": 95,
    "user_message": "PromptGuard decision",
  },
]
`;
